<html>
<body>
<pre>
<h1>礦ision Build Log</h1>
<h2>Tool Versions:</h2>
IDE-Version: μVision V5.32.0.0
Copyright (C) 2020 ARM Ltd and ARM Germany GmbH. All rights reserved.
License Information: 1 Haozhe Yu, 1, LIC=FYKQD-8FGVC-Y7BRW-Q806N-78GHZ-UHFW2
 
Tool Versions:
Toolchain:       MDK-ARM Plus  Version: 5.32.0.0
Toolchain Path:  D:\Development\Embedded System\Keil\Keil5\ARM\ARMCC\Bin
C Compiler:      Armcc.exe V5.06 update 7 (build 960)
Assembler:       Armasm.exe V5.06 update 7 (build 960)
Linker/Locator:  ArmLink.exe V5.06 update 7 (build 960)
Library Manager: ArmAr.exe V5.06 update 7 (build 960)
Hex Converter:   FromElf.exe V5.06 update 7 (build 960)
CPU DLL:         SARMCM3.DLL V5.32.0.0
Dialog DLL:      DARMSTM.DLL V1.68.0.0
Target DLL:      STLink\ST-LINKIII-KEIL_SWO.dll V3.0.8.0
Dialog DLL:      TARMSTM.DLL V1.66.0.0
 
<h2>Project:</h2>
E:\Lecture\健康与医学信息处理\Project\EMG4Control\Software\仿生桌面机械手\02-源码例程\G2-32桌面版出厂例程-20210202\Project\Gihand2-32.uvproj
Project File Date:  12/18/2023

<h2>Output:</h2>
*** Using Compiler 'V5.06 update 7 (build 960)', folder: 'D:\Development\Embedded System\Keil\Keil5\ARM\ARMCC\Bin'
Rebuild target 'Target 1'
assembling startup_stm32f10x_hd.s...
compiling misc.c...
compiling stm32f10x_gpio.c...
compiling core_cm3.c...
compiling stm32f10x_it.c...
compiling stm32f10x_rcc.c...
compiling stm32f10x_tim.c...
compiling stm32f10x_iwdg.c...
compiling system_stm32f10x.c...
compiling stm32f10x_spi.c...
compiling stm32f10x_dma.c...
compiling stm32f10x_i2c.c...
compiling stm32f10x_usart.c...
compiling stm32f10x_adc.c...
compiling stm32f10x_flash.c...
compiling z_main.c...
compiling z_global.c...
compiling z_delay.c...
compiling z_kinematics.c...
compiling z_gpio.c...
compiling z_rcc.c...
compiling z_ps2.c...
compiling z_usart.c...
compiling z_adc.c...
compiling z_w25q64.c...
compiling z_timer.c...
compiling z_sensor.c...
compiling z_color.c...
linking...
Program Size: Code=44506 RO-data=2246 RW-data=372 ZI-data=8236  
FromELF: creating hex file...
"..\OUT\Kibot1-32.axf" - 0 Error(s), 0 Warning(s).
Build Time Elapsed:  00:00:01
</pre>
</body>
</html>
